{
  "version": "1.5.0",
  "plugins_used": [
    {
      "name": "ArtifactoryDetector"
    },
    {
      "name": "AWSKeyDetector"
    },
    {
      "name": "AzureStorageKeyDetector"
    },
    {
      "name": "Base64HighEntropyString",
      "limit": 4.5
    },
    {
      "name": "BasicAuthDetector"
    },
    {
      "name": "CloudantDetector"
    },
    {
      "name": "DiscordBotTokenDetector"
    },
    {
      "name": "GitHubTokenDetector"
    },
    {
      "name": "GitLabTokenDetector"
    },
    {
      "name": "HexHighEntropyString",
      "limit": 3
    },
    {
      "name": "IbmCloudIamDetector"
    },
    {
      "name": "IbmCosHmacDetector"
    },
    {
      "name": "IPPublicDetector"
    },
    {
      "name": "JwtTokenDetector"
    },
    {
      "name": "KeywordDetector",
      "keyword_exclude": ""
    },
    {
      "name": "MailchimpDetector"
    },
    {
      "name": "NpmDetector"
    },
    {
      "name": "OpenAIDetector"
    },
    {
      "name": "PrivateKeyDetector"
    },
    {
      "name": "PypiTokenDetector"
    },
    {
      "name": "SendGridDetector"
    },
    {
      "name": "SlackDetector"
    },
    {
      "name": "SoftlayerDetector"
    },
    {
      "name": "SquareOAuthDetector"
    },
    {
      "name": "StripeDetector"
    },
    {
      "name": "TelegramBotTokenDetector"
    },
    {
      "name": "TwilioKeyDetector"
    }
  ],
  "filters_used": [
    {
      "path": "detect_secrets.filters.allowlist.is_line_allowlisted"
    },
    {
      "path": "detect_secrets.filters.common.is_baseline_file",
      "filename": ".secrets.baseline"
    },
    {
      "path": "detect_secrets.filters.common.is_ignored_due_to_verification_policies",
      "min_level": 2
    },
    {
      "path": "detect_secrets.filters.heuristic.is_indirect_reference"
    },
    {
      "path": "detect_secrets.filters.heuristic.is_likely_id_string"
    },
    {
      "path": "detect_secrets.filters.heuristic.is_lock_file"
    },
    {
      "path": "detect_secrets.filters.heuristic.is_not_alphanumeric_string"
    },
    {
      "path": "detect_secrets.filters.heuristic.is_potential_uuid"
    },
    {
      "path": "detect_secrets.filters.heuristic.is_prefixed_with_dollar_sign"
    },
    {
      "path": "detect_secrets.filters.heuristic.is_sequential_string"
    },
    {
      "path": "detect_secrets.filters.heuristic.is_swagger_file"
    },
    {
      "path": "detect_secrets.filters.heuristic.is_templated_secret"
    }
  ],
  "results": {
    ".github/workflows/ci.yml": [
      {
        "type": "Secret Keyword",
        "filename": ".github/workflows/ci.yml",
        "hashed_secret": "663ef5dc6c1a28edaf8e0ec759786d1089e5f7f6",
        "is_verified": false,
        "line_number": 53,
        "is_secret": false
      },
      {
        "type": "Secret Keyword",
        "filename": ".github/workflows/ci.yml",
        "hashed_secret": "225b7a72bcdd457ae95796f97ac80b8b4f0dffa1",
        "is_verified": false,
        "line_number": 54,
        "is_secret": false
      }
    ],
    "README.md": [
      {
        "type": "Secret Keyword",
        "filename": "README.md",
        "hashed_secret": "3562b57dbd2d57e3d178885bda27cf7c22ca93b5",
        "is_verified": false,
        "line_number": 59,
        "is_secret": false
      }
    ],
    "static/docs.html": [
      {
        "type": "Secret Keyword",
        "filename": "static/docs.html",
        "hashed_secret": "9ad19750930e5cf133e024641c00daf5fc90c700",
        "is_verified": false,
        "line_number": 1247,
        "is_secret": false
      }
    ],
    "tests/conftest.py": [
      {
        "type": "Secret Keyword",
        "filename": "tests/conftest.py",
        "hashed_secret": "929bd4c58c967f8762c9ccef9a9839c6561007d3",
        "is_verified": false,
        "line_number": 8,
        "is_secret": false
      },
      {
        "type": "Secret Keyword",
        "filename": "tests/conftest.py",
        "hashed_secret": "9aba5854a1ff96e3ecf7b3165ab7759f1268cd27",
        "is_verified": false,
        "line_number": 9,
        "is_secret": false
      }
    ],
    "tests/test_app_config.py": [
      {
        "type": "Secret Keyword",
        "filename": "tests/test_app_config.py",
        "hashed_secret": "08d334f6f6f8ad8250239c81262042140bd4d03b",
        "is_verified": false,
        "line_number": 53,
        "is_secret": false
      }
    ],
    "tests/test_challenge_eval.py": [
      {
        "type": "Secret Keyword",
        "filename": "tests/test_challenge_eval.py",
        "hashed_secret": "aa2ee8c7996a2a1720854830a66fa75f20ec151f",
        "is_verified": false,
        "line_number": 67,
        "is_secret": false
      },
      {
        "type": "Secret Keyword",
        "filename": "tests/test_challenge_eval.py",
        "hashed_secret": "867c10bfd53dc9ab5c8a7b0a260e190c0f998316",
        "is_verified": false,
        "line_number": 107,
        "is_secret": false
      },
      {
        "type": "Secret Keyword",
        "filename": "tests/test_challenge_eval.py",
        "hashed_secret": "1a96f2125f3f9c650768c2a19d887cfc6a842807",
        "is_verified": false,
        "line_number": 134,
        "is_secret": false
      }
    ],
    "tests/test_config_coverage.py": [
      {
        "type": "Secret Keyword",
        "filename": "tests/test_config_coverage.py",
        "hashed_secret": "a0f4ea7d91495df92bbac2e2149dfb850fe81396",
        "is_verified": false,
        "line_number": 74,
        "is_secret": false
      }
    ],
    "tests/test_coverage_gaps.py": [
      {
        "type": "Secret Keyword",
        "filename": "tests/test_coverage_gaps.py",
        "hashed_secret": "929bd4c58c967f8762c9ccef9a9839c6561007d3",
        "is_verified": false,
        "line_number": 35,
        "is_secret": false
      }
    ],
    "tests/test_database.py": [
      {
        "type": "Secret Keyword",
        "filename": "tests/test_database.py",
        "hashed_secret": "5ef3af6cd9b5aa907fa618fac829baaec6763b42",
        "is_verified": false,
        "line_number": 569,
        "is_secret": false
      },
      {
        "type": "Secret Keyword",
        "filename": "tests/test_database.py",
        "hashed_secret": "fef341f85d87439e7d91a2d465b9871ef66b5e98",
        "is_verified": false,
        "line_number": 586,
        "is_secret": false
      },
      {
        "type": "Basic Auth Credentials",
        "filename": "tests/test_database.py",
        "hashed_secret": "9d4e1e23bd5b727046a9e3b4b7db57bd8d6ee684",
        "is_verified": false,
        "line_number": 764,
        "is_secret": false
      }
    ],
    "tests/test_llm_challenges.py": [
      {
        "type": "Secret Keyword",
        "filename": "tests/test_llm_challenges.py",
        "hashed_secret": "e9a5f12a8ecbb3eb46eca5096b5c52aa5e7c9fdd",
        "is_verified": false,
        "line_number": 133,
        "is_secret": false
      }
    ],
    "tests/test_main_coverage.py": [
      {
        "type": "Secret Keyword",
        "filename": "tests/test_main_coverage.py",
        "hashed_secret": "929bd4c58c967f8762c9ccef9a9839c6561007d3",
        "is_verified": false,
        "line_number": 47,
        "is_secret": false
      },
      {
        "type": "Secret Keyword",
        "filename": "tests/test_main_coverage.py",
        "hashed_secret": "38abc48c1eb5838519ab0372fbf38f1eb0f3f73c",
        "is_verified": false,
        "line_number": 239,
        "is_secret": false
      },
      {
        "type": "Secret Keyword",
        "filename": "tests/test_main_coverage.py",
        "hashed_secret": "f5378ce7cd012d12a9be51e6be241b1e66240879",
        "is_verified": false,
        "line_number": 1193,
        "is_secret": false
      }
    ],
    "tests/test_security_features.py": [
      {
        "type": "Secret Keyword",
        "filename": "tests/test_security_features.py",
        "hashed_secret": "f2b14f68eb995facb3a1c35287b778d5bd785511",
        "is_verified": false,
        "line_number": 505,
        "is_secret": false
      },
      {
        "type": "Secret Keyword",
        "filename": "tests/test_security_features.py",
        "hashed_secret": "23f30fccb57d050029fa7269d3d3d08314153a54",
        "is_verified": false,
        "line_number": 738,
        "is_secret": false
      }
    ],
    "tests/test_v2_auth.py": [
      {
        "type": "Secret Keyword",
        "filename": "tests/test_v2_auth.py",
        "hashed_secret": "8fbb9542b000c9a033fb9f267655c4fafdd0d4e0",
        "is_verified": false,
        "line_number": 44,
        "is_secret": false
      },
      {
        "type": "Secret Keyword",
        "filename": "tests/test_v2_auth.py",
        "hashed_secret": "9ea31fc4c67f210d5b1fd46d4251624b26b8ad89",
        "is_verified": false,
        "line_number": 67,
        "is_secret": false
      }
    ]
  },
  "generated_at": "2026-07-19T01:54:47Z"
}
